// Jest Snapshot v1, https://goo.gl/fbAQLP

exports[`<MainWindow /> renders matching snapshot 1`] = `
<div
  className="mainWindow"
>
  <Component>
    <Switch>
      <Route
        exact={true}
        path="/"
        render={[Function]}
      />
      <Route
        component={[Function]}
        path="/search/:query?"
      />
      <Route
        component={[Function]}
        path="/film/:id"
      />
      <Route
        component={[Function]}
      />
    </Switch>
  </Component>
</div>
`;
