// Jest Snapshot v1, https://goo.gl/fbAQLP

exports[`<SearchBlock /> renders matching snapshot 1`] = `
<SearchBlock
  movies={Array []}
  numberFoundMovies={10}
  onClick={[Function]}
  searchCB={[Function]}
>
  <div
    className="search-block-wrapper"
  >
    <div
      className="search-box-wrapper"
    >
      <Logo>
        <p
          className="logo"
        >
          netflixroulette
        </p>
      </Logo>
      <div
        className="search-block"
      >
        <p
          className="find-title"
        >
          find your movie
        </p>
        <div
          className="input-wrapper"
        >
          <input
            className="search-input"
            onChange={[Function]}
            onKeyPress={[Function]}
            type="text"
            value=""
          />
          <img
            alt="enter"
            className="img-arrow"
            src="test-file-stub"
          />
        </div>
        <div
          className="search-buttons"
        >
          <span
            className="search-by"
          >
            search by
          </span>
          <button
            className="btns-search btn-title btn-bg-red"
            onClick={[Function]}
            onKeyPress={[Function]}
            type="button"
          >
            title
          </button>
          <button
            className="btns-search btn-genre btn-bg-grey"
            onClick={[Function]}
            onKeyPress={[Function]}
            type="button"
          >
            genre
          </button>
          <button
            className="btns-search btn-search"
            onClick={[Function]}
            type="submit"
          >
            search
          </button>
        </div>
      </div>
    </div>
    <div
      className="search-details"
    >
      <div
        className="number-found-movies"
      >
        10
         
        movies found
      </div>
      <div
        className="sort-by"
      >
        Sort by:
        <span
          className="sort-release-date"
          onClick={[Function]}
          onKeyPress={[Function]}
          role="button"
          style={
            Object {
              "color": "#ff594b",
            }
          }
          tabIndex={0}
        >
          release date
        </span>
        <span
          className="sort-rating"
          onClick={[Function]}
          onKeyPress={[Function]}
          role="button"
          style={
            Object {
              "color": "#464646",
            }
          }
          tabIndex={-1}
        >
          rating
        </span>
      </div>
    </div>
  </div>
</SearchBlock>
`;
